AR mod_m_counter arch C:/Users/Guest4/Documents/Xilinx_Workspace/SD_SPI_1303/Baud_generator.vhd sub00/vhpl03 1332499996
AR fifo arch C:/Users/Guest4/Documents/Xilinx_Workspace/SD_SPI_1303/FIFO.vhd sub00/vhpl07 1332500000
AR uart_tx arch C:/Users/Guest4/Documents/Xilinx_Workspace/SD_SPI_1303/UART_transmiter.vhd sub00/vhpl09 1332500002
AR disp_mux arch C:/Users/Guest4/Documents/Xilinx_Workspace/SD_SPI_1303/disp_mux.vhd sub00/vhpl17 1332500006
AR uart_rx arch C:/Users/Guest4/Documents/Xilinx_Workspace/SD_SPI_1303/UART_receiver.vhd sub00/vhpl05 1332499998
EN debounce NULL C:/Users/Guest4/Documents/Xilinx_Workspace/SD_SPI_1303/Debouncer.vhd sub00/vhpl12 1332500009
AR uart str_arch C:/Users/Guest4/Documents/Xilinx_Workspace/SD_SPI_1303/UART_top.vhd sub00/vhpl11 1332500008
EN sd_controller NULL C:/Users/Guest4/Documents/Xilinx_Workspace/SD_SPI_1303/SD_SPI.vhd sub00/vhpl00 1332500011
AR hex_to_sseg arch C:/Users/Guest4/Documents/Xilinx_Workspace/SD_SPI_1303/seg7.vhd sub00/vhpl15 1332500004
AR sd_controller rtl C:/Users/Guest4/Documents/Xilinx_Workspace/SD_SPI_1303/SD_SPI.vhd sub00/vhpl01 1332500012
EN fifo NULL C:/Users/Guest4/Documents/Xilinx_Workspace/SD_SPI_1303/FIFO.vhd sub00/vhpl06 1332499999
EN uart NULL C:/Users/Guest4/Documents/Xilinx_Workspace/SD_SPI_1303/UART_top.vhd sub00/vhpl10 1332500007
EN uart_rx NULL C:/Users/Guest4/Documents/Xilinx_Workspace/SD_SPI_1303/UART_receiver.vhd sub00/vhpl04 1332499997
EN disp_mux NULL C:/Users/Guest4/Documents/Xilinx_Workspace/SD_SPI_1303/disp_mux.vhd sub00/vhpl16 1332500005
EN uart_tx NULL C:/Users/Guest4/Documents/Xilinx_Workspace/SD_SPI_1303/UART_transmiter.vhd sub00/vhpl08 1332500001
AR debounce fsmd_arch C:/Users/Guest4/Documents/Xilinx_Workspace/SD_SPI_1303/Debouncer.vhd sub00/vhpl13 1332500010
EN mod_m_counter NULL C:/Users/Guest4/Documents/Xilinx_Workspace/SD_SPI_1303/Baud_generator.vhd sub00/vhpl02 1332499995
EN hex_to_sseg NULL C:/Users/Guest4/Documents/Xilinx_Workspace/SD_SPI_1303/seg7.vhd sub00/vhpl14 1332500003
